0 verbose cli C:\Program Files\nodejs\node.exe C:\Users\Hari Om\AppData\Roaming\npm\node_modules\npm\bin\npm-cli.js
1 info using npm@11.4.2
2 info using node@v22.20.0
3 silly config load:file:C:\Users\Hari Om\AppData\Roaming\npm\node_modules\npm\npmrc
4 warn Unknown cli config "--inline-config". This will stop working in the next major version of npm.
5 silly config load:file:C:\Users\Hari Om\genuine-agro\.npmrc
6 silly config load:file:C:\Users\Hari Om\.npmrc
7 silly config load:file:C:\Users\Hari Om\AppData\Roaming\npm\etc\npmrc
8 verbose title npm run lint
9 verbose argv "run" "lint" "--cache" "false" "--no-inline-config"
10 verbose logfile logs-max:10 dir:C:\Users\Hari Om\genuine-agro\false\_logs\2026-07-27T06_58_36_591Z-
11 verbose logfile C:\Users\Hari Om\genuine-agro\false\_logs\2026-07-27T06_58_36_591Z-debug-0.log
12 silly logfile done cleaning log files
13 http fetch GET 200 https://registry.npmjs.org/npm 255ms
14 verbose cwd C:\Users\Hari Om\genuine-agro
15 verbose os Windows_NT 10.0.26200
16 verbose node v22.20.0
17 verbose npm  v11.4.2
18 notice
18 notice New [33mminor[39m version of npm available! [33m11.4.2[39m -> [34m11.18.0[39m
18 notice Changelog: [34mhttps://github.com/npm/cli/releases/tag/v11.18.0[39m
18 notice To update run: [4mnpm install -g npm@11.18.0[24m
18 notice  { force: true, [Symbol(proc-log.meta)]: true }
19 verbose exit 1
20 verbose code 1
